Archive member included to satisfy reference by file (symbol)

/home/rahul/opt/gcc-arm-none-eabi-6-2017-q2-update/bin/../lib/gcc/arm-none-eabi/6.3.1/../../../../arm-none-eabi/lib/thumb/v6-m/libc_nano.a(lib_a-exit.o)
                              /home/rahul/opt/gcc-arm-none-eabi-6-2017-q2-update/bin/../lib/gcc/arm-none-eabi/6.3.1/../../../../arm-none-eabi/lib/thumb/v6-m/crt0.o (exit)
/home/rahul/opt/gcc-arm-none-eabi-6-2017-q2-update/bin/../lib/gcc/arm-none-eabi/6.3.1/../../../../arm-none-eabi/lib/thumb/v6-m/libc_nano.a(lib_a-impure.o)
                              /home/rahul/opt/gcc-arm-none-eabi-6-2017-q2-update/bin/../lib/gcc/arm-none-eabi/6.3.1/../../../../arm-none-eabi/lib/thumb/v6-m/libc_nano.a(lib_a-exit.o) (_global_impure_ptr)
/home/rahul/opt/gcc-arm-none-eabi-6-2017-q2-update/bin/../lib/gcc/arm-none-eabi/6.3.1/../../../../arm-none-eabi/lib/thumb/v6-m/libc_nano.a(lib_a-init.o)
                              /home/rahul/opt/gcc-arm-none-eabi-6-2017-q2-update/bin/../lib/gcc/arm-none-eabi/6.3.1/../../../../arm-none-eabi/lib/thumb/v6-m/crt0.o (__libc_init_array)
/home/rahul/opt/gcc-arm-none-eabi-6-2017-q2-update/bin/../lib/gcc/arm-none-eabi/6.3.1/../../../../arm-none-eabi/lib/thumb/v6-m/libc_nano.a(lib_a-memset.o)
                              /home/rahul/opt/gcc-arm-none-eabi-6-2017-q2-update/bin/../lib/gcc/arm-none-eabi/6.3.1/../../../../arm-none-eabi/lib/thumb/v6-m/crt0.o (memset)
/home/rahul/opt/gcc-arm-none-eabi-6-2017-q2-update/bin/../lib/gcc/arm-none-eabi/6.3.1/../../../../arm-none-eabi/lib/thumb/v6-m/libnosys.a(_exit.o)
                              /home/rahul/opt/gcc-arm-none-eabi-6-2017-q2-update/bin/../lib/gcc/arm-none-eabi/6.3.1/../../../../arm-none-eabi/lib/thumb/v6-m/libc_nano.a(lib_a-exit.o) (_exit)
/home/rahul/opt/gcc-arm-none-eabi-6-2017-q2-update/bin/../lib/gcc/arm-none-eabi/6.3.1/thumb/v6-m/libgcc.a(adddf3.o)
                              _build/main.o (__aeabi_dadd)
/home/rahul/opt/gcc-arm-none-eabi-6-2017-q2-update/bin/../lib/gcc/arm-none-eabi/6.3.1/thumb/v6-m/libgcc.a(divdf3.o)
                              _build/main.o (__aeabi_ddiv)
/home/rahul/opt/gcc-arm-none-eabi-6-2017-q2-update/bin/../lib/gcc/arm-none-eabi/6.3.1/thumb/v6-m/libgcc.a(floatsidf.o)
                              _build/main.o (__aeabi_i2d)
/home/rahul/opt/gcc-arm-none-eabi-6-2017-q2-update/bin/../lib/gcc/arm-none-eabi/6.3.1/thumb/v6-m/libgcc.a(_udivsi3.o)
                              /home/rahul/opt/gcc-arm-none-eabi-6-2017-q2-update/bin/../lib/gcc/arm-none-eabi/6.3.1/thumb/v6-m/libgcc.a(divdf3.o) (__aeabi_uidiv)
/home/rahul/opt/gcc-arm-none-eabi-6-2017-q2-update/bin/../lib/gcc/arm-none-eabi/6.3.1/thumb/v6-m/libgcc.a(_dvmd_tls.o)
                              /home/rahul/opt/gcc-arm-none-eabi-6-2017-q2-update/bin/../lib/gcc/arm-none-eabi/6.3.1/thumb/v6-m/libgcc.a(_udivsi3.o) (__aeabi_idiv0)
/home/rahul/opt/gcc-arm-none-eabi-6-2017-q2-update/bin/../lib/gcc/arm-none-eabi/6.3.1/thumb/v6-m/libgcc.a(_clzsi2.o)
                              /home/rahul/opt/gcc-arm-none-eabi-6-2017-q2-update/bin/../lib/gcc/arm-none-eabi/6.3.1/thumb/v6-m/libgcc.a(adddf3.o) (__clzsi2)

Discarded input sections

 .text          0x0000000000000000        0x0 /home/rahul/opt/gcc-arm-none-eabi-6-2017-q2-update/bin/../lib/gcc/arm-none-eabi/6.3.1/thumb/v6-m/crti.o
 .data          0x0000000000000000        0x0 /home/rahul/opt/gcc-arm-none-eabi-6-2017-q2-update/bin/../lib/gcc/arm-none-eabi/6.3.1/thumb/v6-m/crti.o
 .bss           0x0000000000000000        0x0 /home/rahul/opt/gcc-arm-none-eabi-6-2017-q2-update/bin/../lib/gcc/arm-none-eabi/6.3.1/thumb/v6-m/crti.o
 .data          0x0000000000000000        0x4 /home/rahul/opt/gcc-arm-none-eabi-6-2017-q2-update/bin/../lib/gcc/arm-none-eabi/6.3.1/thumb/v6-m/crtbegin.o
 .data          0x0000000000000000        0x0 /home/rahul/opt/gcc-arm-none-eabi-6-2017-q2-update/bin/../lib/gcc/arm-none-eabi/6.3.1/../../../../arm-none-eabi/lib/thumb/v6-m/crt0.o
 .bss           0x0000000000000000        0x0 /home/rahul/opt/gcc-arm-none-eabi-6-2017-q2-update/bin/../lib/gcc/arm-none-eabi/6.3.1/../../../../arm-none-eabi/lib/thumb/v6-m/crt0.o
 .ARM.extab     0x0000000000000000        0x0 /home/rahul/opt/gcc-arm-none-eabi-6-2017-q2-update/bin/../lib/gcc/arm-none-eabi/6.3.1/../../../../arm-none-eabi/lib/thumb/v6-m/crt0.o
 .text          0x0000000000000000        0x0 /home/rahul/opt/gcc-arm-none-eabi-6-2017-q2-update/bin/../lib/gcc/arm-none-eabi/6.3.1/../../../../arm-none-eabi/lib/thumb/v6-m/libc_nano.a(lib_a-exit.o)
 .data          0x0000000000000000        0x0 /home/rahul/opt/gcc-arm-none-eabi-6-2017-q2-update/bin/../lib/gcc/arm-none-eabi/6.3.1/../../../../arm-none-eabi/lib/thumb/v6-m/libc_nano.a(lib_a-exit.o)
 .bss           0x0000000000000000        0x0 /home/rahul/opt/gcc-arm-none-eabi-6-2017-q2-update/bin/../lib/gcc/arm-none-eabi/6.3.1/../../../../arm-none-eabi/lib/thumb/v6-m/libc_nano.a(lib_a-exit.o)
 .text          0x0000000000000000        0x0 /home/rahul/opt/gcc-arm-none-eabi-6-2017-q2-update/bin/../lib/gcc/arm-none-eabi/6.3.1/../../../../arm-none-eabi/lib/thumb/v6-m/libc_nano.a(lib_a-impure.o)
 .data          0x0000000000000000        0x0 /home/rahul/opt/gcc-arm-none-eabi-6-2017-q2-update/bin/../lib/gcc/arm-none-eabi/6.3.1/../../../../arm-none-eabi/lib/thumb/v6-m/libc_nano.a(lib_a-impure.o)
 .bss           0x0000000000000000        0x0 /home/rahul/opt/gcc-arm-none-eabi-6-2017-q2-update/bin/../lib/gcc/arm-none-eabi/6.3.1/../../../../arm-none-eabi/lib/thumb/v6-m/libc_nano.a(lib_a-impure.o)
 .data._impure_ptr
                0x0000000000000000        0x4 /home/rahul/opt/gcc-arm-none-eabi-6-2017-q2-update/bin/../lib/gcc/arm-none-eabi/6.3.1/../../../../arm-none-eabi/lib/thumb/v6-m/libc_nano.a(lib_a-impure.o)
 .text          0x0000000000000000        0x0 /home/rahul/opt/gcc-arm-none-eabi-6-2017-q2-update/bin/../lib/gcc/arm-none-eabi/6.3.1/../../../../arm-none-eabi/lib/thumb/v6-m/libc_nano.a(lib_a-init.o)
 .data          0x0000000000000000        0x0 /home/rahul/opt/gcc-arm-none-eabi-6-2017-q2-update/bin/../lib/gcc/arm-none-eabi/6.3.1/../../../../arm-none-eabi/lib/thumb/v6-m/libc_nano.a(lib_a-init.o)
 .bss           0x0000000000000000        0x0 /home/rahul/opt/gcc-arm-none-eabi-6-2017-q2-update/bin/../lib/gcc/arm-none-eabi/6.3.1/../../../../arm-none-eabi/lib/thumb/v6-m/libc_nano.a(lib_a-init.o)
 .text          0x0000000000000000        0x0 /home/rahul/opt/gcc-arm-none-eabi-6-2017-q2-update/bin/../lib/gcc/arm-none-eabi/6.3.1/../../../../arm-none-eabi/lib/thumb/v6-m/libc_nano.a(lib_a-memset.o)
 .data          0x0000000000000000        0x0 /home/rahul/opt/gcc-arm-none-eabi-6-2017-q2-update/bin/../lib/gcc/arm-none-eabi/6.3.1/../../../../arm-none-eabi/lib/thumb/v6-m/libc_nano.a(lib_a-memset.o)
 .bss           0x0000000000000000        0x0 /home/rahul/opt/gcc-arm-none-eabi-6-2017-q2-update/bin/../lib/gcc/arm-none-eabi/6.3.1/../../../../arm-none-eabi/lib/thumb/v6-m/libc_nano.a(lib_a-memset.o)
 .text          0x0000000000000000        0x0 /home/rahul/opt/gcc-arm-none-eabi-6-2017-q2-update/bin/../lib/gcc/arm-none-eabi/6.3.1/../../../../arm-none-eabi/lib/thumb/v6-m/libnosys.a(_exit.o)
 .data          0x0000000000000000        0x0 /home/rahul/opt/gcc-arm-none-eabi-6-2017-q2-update/bin/../lib/gcc/arm-none-eabi/6.3.1/../../../../arm-none-eabi/lib/thumb/v6-m/libnosys.a(_exit.o)
 .bss           0x0000000000000000        0x0 /home/rahul/opt/gcc-arm-none-eabi-6-2017-q2-update/bin/../lib/gcc/arm-none-eabi/6.3.1/../../../../arm-none-eabi/lib/thumb/v6-m/libnosys.a(_exit.o)
 .group         0x0000000000000000        0x8 _build/system_nrf51.o
 .group         0x0000000000000000        0x8 _build/system_nrf51.o
 .group         0x0000000000000000        0x8 _build/system_nrf51.o
 .group         0x0000000000000000        0x8 _build/system_nrf51.o
 .group         0x0000000000000000        0x8 _build/system_nrf51.o
 .group         0x0000000000000000        0x8 _build/system_nrf51.o
 .group         0x0000000000000000        0x8 _build/system_nrf51.o
 .group         0x0000000000000000        0x8 _build/system_nrf51.o
 .group         0x0000000000000000        0x8 _build/system_nrf51.o
 .group         0x0000000000000000        0x8 _build/system_nrf51.o
 .group         0x0000000000000000        0x8 _build/system_nrf51.o
 .group         0x0000000000000000        0x8 _build/system_nrf51.o
 .group         0x0000000000000000        0x8 _build/system_nrf51.o
 .group         0x0000000000000000        0x8 _build/system_nrf51.o
 .group         0x0000000000000000        0x8 _build/system_nrf51.o
 .group         0x0000000000000000        0x8 _build/system_nrf51.o
 .text          0x0000000000000000        0x0 _build/system_nrf51.o
 .data          0x0000000000000000        0x0 _build/system_nrf51.o
 .bss           0x0000000000000000        0x0 _build/system_nrf51.o
 .text.SystemCoreClockUpdate
                0x0000000000000000       0x10 _build/system_nrf51.o
 .data.SystemCoreClock
                0x0000000000000000        0x4 _build/system_nrf51.o
 .group         0x0000000000000000        0x8 _build/main.o
 .group         0x0000000000000000        0x8 _build/main.o
 .group         0x0000000000000000        0x8 _build/main.o
 .group         0x0000000000000000        0x8 _build/main.o
 .group         0x0000000000000000        0x8 _build/main.o
 .group         0x0000000000000000        0x8 _build/main.o
 .group         0x0000000000000000        0x8 _build/main.o
 .group         0x0000000000000000        0x8 _build/main.o
 .group         0x0000000000000000        0x8 _build/main.o
 .group         0x0000000000000000        0x8 _build/main.o
 .group         0x0000000000000000        0x8 _build/main.o
 .group         0x0000000000000000        0x8 _build/main.o
 .group         0x0000000000000000        0x8 _build/main.o
 .group         0x0000000000000000        0x8 _build/main.o
 .group         0x0000000000000000        0x8 _build/main.o
 .group         0x0000000000000000        0x8 _build/main.o
 .group         0x0000000000000000        0x8 _build/main.o
 .group         0x0000000000000000        0x8 _build/main.o
 .group         0x0000000000000000        0x8 _build/main.o
 .group         0x0000000000000000        0x8 _build/main.o
 .group         0x0000000000000000        0x8 _build/main.o
 .group         0x0000000000000000        0x8 _build/main.o
 .group         0x0000000000000000        0x8 _build/main.o
 .group         0x0000000000000000        0x8 _build/main.o
 .text          0x0000000000000000        0x0 _build/main.o
 .data          0x0000000000000000        0x0 _build/main.o
 .bss           0x0000000000000000        0x0 _build/main.o
 .text.mpu_6050_I2C_register_write
                0x0000000000000000       0x48 _build/main.o
 .text.mpu_6050_I2C_register_read
                0x0000000000000000       0x38 _build/main.o
 .debug_macro   0x0000000000000000      0x8a4 _build/main.o
 .debug_macro   0x0000000000000000       0x22 _build/main.o
 .debug_macro   0x0000000000000000       0x22 _build/main.o
 .debug_macro   0x0000000000000000       0x3a _build/main.o
 .debug_macro   0x0000000000000000       0x22 _build/main.o
 .debug_macro   0x0000000000000000       0x87 _build/main.o
 .debug_macro   0x0000000000000000       0x51 _build/main.o
 .debug_macro   0x0000000000000000       0xef _build/main.o
 .debug_macro   0x0000000000000000       0x6a _build/main.o
 .debug_macro   0x0000000000000000      0x1df _build/main.o
 .debug_macro   0x0000000000000000       0x1f _build/main.o
 .debug_macro   0x0000000000000000      0x242 _build/main.o
 .debug_macro   0x0000000000000000      0x1d2 _build/main.o
 .debug_macro   0x0000000000000000     0x745a _build/main.o
 .debug_macro   0x0000000000000000      0x976 _build/main.o
 .debug_macro   0x0000000000000000       0x1c _build/main.o
 .group         0x0000000000000000        0x8 _build/app_error.o
 .group         0x0000000000000000        0x8 _build/app_error.o
 .group         0x0000000000000000        0x8 _build/app_error.o
 .group         0x0000000000000000        0x8 _build/app_error.o
 .group         0x0000000000000000        0x8 _build/app_error.o
 .group         0x0000000000000000        0x8 _build/app_error.o
 .group         0x0000000000000000        0x8 _build/app_error.o
 .group         0x0000000000000000        0x8 _build/app_error.o
 .group         0x0000000000000000        0x8 _build/app_error.o
 .group         0x0000000000000000        0x8 _build/app_error.o
 .group         0x0000000000000000        0x8 _build/app_error.o
 .group         0x0000000000000000        0x8 _build/app_error.o
 .group         0x0000000000000000        0x8 _build/app_error.o
 .group         0x0000000000000000        0x8 _build/app_error.o
 .group         0x0000000000000000        0x8 _build/app_error.o
 .group         0x0000000000000000        0x8 _build/app_error.o
 .group         0x0000000000000000        0x8 _build/app_error.o
 .group         0x0000000000000000        0x8 _build/app_error.o
 .group         0x0000000000000000        0x8 _build/app_error.o
 .text          0x0000000000000000        0x0 _build/app_error.o
 .data          0x0000000000000000        0x0 _build/app_error.o
 .bss           0x0000000000000000        0x0 _build/app_error.o
 .debug_macro   0x0000000000000000      0x8a4 _build/app_error.o
 .debug_macro   0x0000000000000000       0x22 _build/app_error.o
 .debug_macro   0x0000000000000000       0x3a _build/app_error.o
 .debug_macro   0x0000000000000000       0x22 _build/app_error.o
 .debug_macro   0x0000000000000000       0x87 _build/app_error.o
 .debug_macro   0x0000000000000000       0x51 _build/app_error.o
 .debug_macro   0x0000000000000000       0xef _build/app_error.o
 .debug_macro   0x0000000000000000       0x6a _build/app_error.o
 .debug_macro   0x0000000000000000      0x1df _build/app_error.o
 .debug_macro   0x0000000000000000       0x1f _build/app_error.o
 .debug_macro   0x0000000000000000      0x242 _build/app_error.o
 .debug_macro   0x0000000000000000      0x1d2 _build/app_error.o
 .debug_macro   0x0000000000000000     0x745a _build/app_error.o
 .debug_macro   0x0000000000000000      0x976 _build/app_error.o
 .debug_macro   0x0000000000000000       0x1c _build/app_error.o
 .debug_macro   0x0000000000000000       0x22 _build/app_error.o
 .debug_macro   0x0000000000000000       0x8e _build/app_error.o
 .debug_macro   0x0000000000000000      0x118 _build/app_error.o
 .group         0x0000000000000000        0x8 _build/nrf_drv_twi.o
 .group         0x0000000000000000        0x8 _build/nrf_drv_twi.o
 .group         0x0000000000000000        0x8 _build/nrf_drv_twi.o
 .group         0x0000000000000000        0x8 _build/nrf_drv_twi.o
 .group         0x0000000000000000        0x8 _build/nrf_drv_twi.o
 .group         0x0000000000000000        0x8 _build/nrf_drv_twi.o
 .group         0x0000000000000000        0x8 _build/nrf_drv_twi.o
 .group         0x0000000000000000        0x8 _build/nrf_drv_twi.o
 .group         0x0000000000000000        0x8 _build/nrf_drv_twi.o
 .group         0x0000000000000000        0x8 _build/nrf_drv_twi.o
 .group         0x0000000000000000        0x8 _build/nrf_drv_twi.o
 .group         0x0000000000000000        0x8 _build/nrf_drv_twi.o
 .group         0x0000000000000000        0x8 _build/nrf_drv_twi.o
 .group         0x0000000000000000        0x8 _build/nrf_drv_twi.o
 .group         0x0000000000000000        0x8 _build/nrf_drv_twi.o
 .group         0x0000000000000000        0x8 _build/nrf_drv_twi.o
 .group         0x0000000000000000        0x8 _build/nrf_drv_twi.o
 .group         0x0000000000000000        0x8 _build/nrf_drv_twi.o
 .group         0x0000000000000000        0x8 _build/nrf_drv_twi.o
 .group         0x0000000000000000        0x8 _build/nrf_drv_twi.o
 .group         0x0000000000000000        0x8 _build/nrf_drv_twi.o
 .group         0x0000000000000000        0x8 _build/nrf_drv_twi.o
 .group         0x0000000000000000        0x8 _build/nrf_drv_twi.o
 .group         0x0000000000000000        0x8 _build/nrf_drv_twi.o
 .text          0x0000000000000000        0x0 _build/nrf_drv_twi.o
 .data          0x0000000000000000        0x0 _build/nrf_drv_twi.o
 .bss           0x0000000000000000        0x0 _build/nrf_drv_twi.o
 .text.nrf_drv_twi_uninit
                0x0000000000000000       0x68 _build/nrf_drv_twi.o
 .text.nrf_drv_twi_disable
                0x0000000000000000       0x30 _build/nrf_drv_twi.o
 .text.nrf_drv_twi_data_count_get
                0x0000000000000000       0x18 _build/nrf_drv_twi.o
 .debug_macro   0x0000000000000000      0x8a4 _build/nrf_drv_twi.o
 .debug_macro   0x0000000000000000      0x118 _build/nrf_drv_twi.o
 .debug_macro   0x0000000000000000      0x103 _build/nrf_drv_twi.o
 .debug_macro   0x0000000000000000       0x22 _build/nrf_drv_twi.o
 .debug_macro   0x0000000000000000       0x3a _build/nrf_drv_twi.o
 .debug_macro   0x0000000000000000       0x22 _build/nrf_drv_twi.o
 .debug_macro   0x0000000000000000       0x87 _build/nrf_drv_twi.o
 .debug_macro   0x0000000000000000       0x51 _build/nrf_drv_twi.o
 .debug_macro   0x0000000000000000       0xef _build/nrf_drv_twi.o
 .debug_macro   0x0000000000000000       0x6a _build/nrf_drv_twi.o
 .debug_macro   0x0000000000000000      0x1df _build/nrf_drv_twi.o
 .debug_macro   0x0000000000000000       0x1f _build/nrf_drv_twi.o
 .debug_macro   0x0000000000000000      0x242 _build/nrf_drv_twi.o
 .debug_macro   0x0000000000000000      0x1d2 _build/nrf_drv_twi.o
 .debug_macro   0x0000000000000000     0x745a _build/nrf_drv_twi.o
 .debug_macro   0x0000000000000000      0x976 _build/nrf_drv_twi.o
 .debug_macro   0x0000000000000000       0x1c _build/nrf_drv_twi.o
 .debug_macro   0x0000000000000000       0x22 _build/nrf_drv_twi.o
 .debug_macro   0x0000000000000000      0x16d _build/nrf_drv_twi.o
 .debug_macro   0x0000000000000000       0x8e _build/nrf_drv_twi.o
 .debug_macro   0x0000000000000000       0x70 _build/nrf_drv_twi.o
 .debug_macro   0x0000000000000000       0x22 _build/nrf_drv_twi.o
 .group         0x0000000000000000        0x8 _build/nrf_drv_common.o
 .group         0x0000000000000000        0x8 _build/nrf_drv_common.o
 .group         0x0000000000000000        0x8 _build/nrf_drv_common.o
 .group         0x0000000000000000        0x8 _build/nrf_drv_common.o
 .group         0x0000000000000000        0x8 _build/nrf_drv_common.o
 .group         0x0000000000000000        0x8 _build/nrf_drv_common.o
 .group         0x0000000000000000        0x8 _build/nrf_drv_common.o
 .group         0x0000000000000000        0x8 _build/nrf_drv_common.o
 .group         0x0000000000000000        0x8 _build/nrf_drv_common.o
 .group         0x0000000000000000        0x8 _build/nrf_drv_common.o
 .group         0x0000000000000000        0x8 _build/nrf_drv_common.o
 .group         0x0000000000000000        0x8 _build/nrf_drv_common.o
 .group         0x0000000000000000        0x8 _build/nrf_drv_common.o
 .group         0x0000000000000000        0x8 _build/nrf_drv_common.o
 .group         0x0000000000000000        0x8 _build/nrf_drv_common.o
 .group         0x0000000000000000        0x8 _build/nrf_drv_common.o
 .group         0x0000000000000000        0x8 _build/nrf_drv_common.o
 .text          0x0000000000000000        0x0 _build/nrf_drv_common.o
 .data          0x0000000000000000        0x0 _build/nrf_drv_common.o
 .bss           0x0000000000000000        0x0 _build/nrf_drv_common.o
 .debug_macro   0x0000000000000000      0x8a4 _build/nrf_drv_common.o
 .debug_macro   0x0000000000000000       0x22 _build/nrf_drv_common.o
 .debug_macro   0x0000000000000000       0x3a _build/nrf_drv_common.o
 .debug_macro   0x0000000000000000       0x22 _build/nrf_drv_common.o
 .debug_macro   0x0000000000000000       0x87 _build/nrf_drv_common.o
 .debug_macro   0x0000000000000000       0x51 _build/nrf_drv_common.o
 .debug_macro   0x0000000000000000       0xef _build/nrf_drv_common.o
 .debug_macro   0x0000000000000000       0x6a _build/nrf_drv_common.o
 .debug_macro   0x0000000000000000      0x1df _build/nrf_drv_common.o
 .debug_macro   0x0000000000000000       0x1f _build/nrf_drv_common.o
 .debug_macro   0x0000000000000000      0x242 _build/nrf_drv_common.o
 .debug_macro   0x0000000000000000      0x1d2 _build/nrf_drv_common.o
 .debug_macro   0x0000000000000000     0x745a _build/nrf_drv_common.o
 .debug_macro   0x0000000000000000      0x976 _build/nrf_drv_common.o
 .debug_macro   0x0000000000000000       0x1c _build/nrf_drv_common.o
 .debug_macro   0x0000000000000000       0x22 _build/nrf_drv_common.o
 .debug_macro   0x0000000000000000       0x8e _build/nrf_drv_common.o
 .group         0x0000000000000000        0x8 _build/app_util_platform.o
 .group         0x0000000000000000        0x8 _build/app_util_platform.o
 .group         0x0000000000000000        0x8 _build/app_util_platform.o
 .group         0x0000000000000000        0x8 _build/app_util_platform.o
 .group         0x0000000000000000        0x8 _build/app_util_platform.o
 .group         0x0000000000000000        0x8 _build/app_util_platform.o
 .group         0x0000000000000000        0x8 _build/app_util_platform.o
 .group         0x0000000000000000        0x8 _build/app_util_platform.o
 .group         0x0000000000000000        0x8 _build/app_util_platform.o
 .group         0x0000000000000000        0x8 _build/app_util_platform.o
 .group         0x0000000000000000        0x8 _build/app_util_platform.o
 .group         0x0000000000000000        0x8 _build/app_util_platform.o
 .group         0x0000000000000000        0x8 _build/app_util_platform.o
 .group         0x0000000000000000        0x8 _build/app_util_platform.o
 .group         0x0000000000000000        0x8 _build/app_util_platform.o
 .group         0x0000000000000000        0x8 _build/app_util_platform.o
 .text          0x0000000000000000        0x0 _build/app_util_platform.o
 .data          0x0000000000000000        0x0 _build/app_util_platform.o
 .bss           0x0000000000000000        0x0 _build/app_util_platform.o
 .debug_macro   0x0000000000000000      0x8a4 _build/app_util_platform.o
 .debug_macro   0x0000000000000000       0x22 _build/app_util_platform.o
 .debug_macro   0x0000000000000000       0x87 _build/app_util_platform.o
 .debug_macro   0x0000000000000000       0x51 _build/app_util_platform.o
 .debug_macro   0x0000000000000000       0xef _build/app_util_platform.o
 .debug_macro   0x0000000000000000       0x6a _build/app_util_platform.o
 .debug_macro   0x0000000000000000      0x1df _build/app_util_platform.o
 .debug_macro   0x0000000000000000       0x22 _build/app_util_platform.o
 .debug_macro   0x0000000000000000       0x3a _build/app_util_platform.o
 .debug_macro   0x0000000000000000       0x1f _build/app_util_platform.o
 .debug_macro   0x0000000000000000      0x242 _build/app_util_platform.o
 .debug_macro   0x0000000000000000      0x1d2 _build/app_util_platform.o
 .debug_macro   0x0000000000000000     0x745a _build/app_util_platform.o
 .debug_macro   0x0000000000000000      0x976 _build/app_util_platform.o
 .debug_macro   0x0000000000000000       0x22 _build/app_util_platform.o
 .data          0x0000000000000000        0x0 _build/gcc_startup_nrf51.o
 .bss           0x0000000000000000        0x0 _build/gcc_startup_nrf51.o
 .ARM.extab     0x0000000000000000        0x0 _build/gcc_startup_nrf51.o
 .data          0x0000000000000000        0x0 /home/rahul/opt/gcc-arm-none-eabi-6-2017-q2-update/bin/../lib/gcc/arm-none-eabi/6.3.1/thumb/v6-m/libgcc.a(adddf3.o)
 .bss           0x0000000000000000        0x0 /home/rahul/opt/gcc-arm-none-eabi-6-2017-q2-update/bin/../lib/gcc/arm-none-eabi/6.3.1/thumb/v6-m/libgcc.a(adddf3.o)
 .data          0x0000000000000000        0x0 /home/rahul/opt/gcc-arm-none-eabi-6-2017-q2-update/bin/../lib/gcc/arm-none-eabi/6.3.1/thumb/v6-m/libgcc.a(divdf3.o)
 .bss           0x0000000000000000        0x0 /home/rahul/opt/gcc-arm-none-eabi-6-2017-q2-update/bin/../lib/gcc/arm-none-eabi/6.3.1/thumb/v6-m/libgcc.a(divdf3.o)
 .data          0x0000000000000000        0x0 /home/rahul/opt/gcc-arm-none-eabi-6-2017-q2-update/bin/../lib/gcc/arm-none-eabi/6.3.1/thumb/v6-m/libgcc.a(floatsidf.o)
 .bss           0x0000000000000000        0x0 /home/rahul/opt/gcc-arm-none-eabi-6-2017-q2-update/bin/../lib/gcc/arm-none-eabi/6.3.1/thumb/v6-m/libgcc.a(floatsidf.o)
 .data          0x0000000000000000        0x0 /home/rahul/opt/gcc-arm-none-eabi-6-2017-q2-update/bin/../lib/gcc/arm-none-eabi/6.3.1/thumb/v6-m/libgcc.a(_udivsi3.o)
 .bss           0x0000000000000000        0x0 /home/rahul/opt/gcc-arm-none-eabi-6-2017-q2-update/bin/../lib/gcc/arm-none-eabi/6.3.1/thumb/v6-m/libgcc.a(_udivsi3.o)
 .data          0x0000000000000000        0x0 /home/rahul/opt/gcc-arm-none-eabi-6-2017-q2-update/bin/../lib/gcc/arm-none-eabi/6.3.1/thumb/v6-m/libgcc.a(_dvmd_tls.o)
 .bss           0x0000000000000000        0x0 /home/rahul/opt/gcc-arm-none-eabi-6-2017-q2-update/bin/../lib/gcc/arm-none-eabi/6.3.1/thumb/v6-m/libgcc.a(_dvmd_tls.o)
 .data          0x0000000000000000        0x0 /home/rahul/opt/gcc-arm-none-eabi-6-2017-q2-update/bin/../lib/gcc/arm-none-eabi/6.3.1/thumb/v6-m/libgcc.a(_clzsi2.o)
 .bss           0x0000000000000000        0x0 /home/rahul/opt/gcc-arm-none-eabi-6-2017-q2-update/bin/../lib/gcc/arm-none-eabi/6.3.1/thumb/v6-m/libgcc.a(_clzsi2.o)
 .text          0x0000000000000000        0x0 /home/rahul/opt/gcc-arm-none-eabi-6-2017-q2-update/bin/../lib/gcc/arm-none-eabi/6.3.1/thumb/v6-m/crtend.o
 .data          0x0000000000000000        0x0 /home/rahul/opt/gcc-arm-none-eabi-6-2017-q2-update/bin/../lib/gcc/arm-none-eabi/6.3.1/thumb/v6-m/crtend.o
 .bss           0x0000000000000000        0x0 /home/rahul/opt/gcc-arm-none-eabi-6-2017-q2-update/bin/../lib/gcc/arm-none-eabi/6.3.1/thumb/v6-m/crtend.o
 .eh_frame      0x0000000000000000        0x4 /home/rahul/opt/gcc-arm-none-eabi-6-2017-q2-update/bin/../lib/gcc/arm-none-eabi/6.3.1/thumb/v6-m/crtend.o
 .jcr           0x0000000000000000        0x4 /home/rahul/opt/gcc-arm-none-eabi-6-2017-q2-update/bin/../lib/gcc/arm-none-eabi/6.3.1/thumb/v6-m/crtend.o
 .ARM.attributes
                0x0000000000000000       0x2c /home/rahul/opt/gcc-arm-none-eabi-6-2017-q2-update/bin/../lib/gcc/arm-none-eabi/6.3.1/thumb/v6-m/crtend.o
 .text          0x0000000000000000        0x0 /home/rahul/opt/gcc-arm-none-eabi-6-2017-q2-update/bin/../lib/gcc/arm-none-eabi/6.3.1/thumb/v6-m/crtn.o
 .data          0x0000000000000000        0x0 /home/rahul/opt/gcc-arm-none-eabi-6-2017-q2-update/bin/../lib/gcc/arm-none-eabi/6.3.1/thumb/v6-m/crtn.o
 .bss           0x0000000000000000        0x0 /home/rahul/opt/gcc-arm-none-eabi-6-2017-q2-update/bin/../lib/gcc/arm-none-eabi/6.3.1/thumb/v6-m/crtn.o

Memory Configuration

Name             Origin             Length             Attributes
FLASH            0x0000000000018000 0x0000000000028000 xr
RAM              0x0000000020002000 0x0000000000002000 xrw
*default*        0x0000000000000000 0xffffffffffffffff

Linker script and memory map

LOAD /home/rahul/opt/gcc-arm-none-eabi-6-2017-q2-update/bin/../lib/gcc/arm-none-eabi/6.3.1/thumb/v6-m/crti.o
LOAD /home/rahul/opt/gcc-arm-none-eabi-6-2017-q2-update/bin/../lib/gcc/arm-none-eabi/6.3.1/thumb/v6-m/crtbegin.o
LOAD /home/rahul/opt/gcc-arm-none-eabi-6-2017-q2-update/bin/../lib/gcc/arm-none-eabi/6.3.1/../../../../arm-none-eabi/lib/thumb/v6-m/crt0.o
LOAD /home/rahul/opt/gcc-arm-none-eabi-6-2017-q2-update/bin/../lib/gcc/arm-none-eabi/6.3.1/../../../../arm-none-eabi/lib/thumb/v6-m/libc_nano.a
LOAD /home/rahul/opt/gcc-arm-none-eabi-6-2017-q2-update/bin/../lib/gcc/arm-none-eabi/6.3.1/../../../../arm-none-eabi/lib/thumb/v6-m/libnosys.a
LOAD _build/system_nrf51.o
LOAD _build/main.o
LOAD _build/app_error.o
LOAD _build/nrf_drv_twi.o
LOAD _build/nrf_drv_common.o
LOAD _build/app_util_platform.o
LOAD _build/gcc_startup_nrf51.o
START GROUP
LOAD /home/rahul/opt/gcc-arm-none-eabi-6-2017-q2-update/bin/../lib/gcc/arm-none-eabi/6.3.1/thumb/v6-m/libgcc.a
LOAD /home/rahul/opt/gcc-arm-none-eabi-6-2017-q2-update/bin/../lib/gcc/arm-none-eabi/6.3.1/../../../../arm-none-eabi/lib/thumb/v6-m/libc_nano.a
END GROUP
START GROUP
LOAD /home/rahul/opt/gcc-arm-none-eabi-6-2017-q2-update/bin/../lib/gcc/arm-none-eabi/6.3.1/thumb/v6-m/libgcc.a
LOAD /home/rahul/opt/gcc-arm-none-eabi-6-2017-q2-update/bin/../lib/gcc/arm-none-eabi/6.3.1/../../../../arm-none-eabi/lib/thumb/v6-m/libc_nano.a
END GROUP
LOAD /home/rahul/opt/gcc-arm-none-eabi-6-2017-q2-update/bin/../lib/gcc/arm-none-eabi/6.3.1/thumb/v6-m/crtend.o
LOAD /home/rahul/opt/gcc-arm-none-eabi-6-2017-q2-update/bin/../lib/gcc/arm-none-eabi/6.3.1/thumb/v6-m/crtn.o
START GROUP
LOAD /home/rahul/opt/gcc-arm-none-eabi-6-2017-q2-update/bin/../lib/gcc/arm-none-eabi/6.3.1/thumb/v6-m/libgcc.a
LOAD /home/rahul/opt/gcc-arm-none-eabi-6-2017-q2-update/bin/../lib/gcc/arm-none-eabi/6.3.1/../../../../arm-none-eabi/lib/thumb/v6-m/libc.a
LOAD /home/rahul/opt/gcc-arm-none-eabi-6-2017-q2-update/bin/../lib/gcc/arm-none-eabi/6.3.1/../../../../arm-none-eabi/lib/thumb/v6-m/libnosys.a
END GROUP

.fs_data_out    0x0000000000000000        0x0
                [!provide]                        PROVIDE (__start_fs_data, .)
 *(fs_data)
                [!provide]                        PROVIDE (__stop_fs_data, .)

.text           0x0000000000018000     0x2364
 *(.Vectors)
 .Vectors       0x0000000000018000       0xc0 _build/gcc_startup_nrf51.o
                0x0000000000018000                __Vectors
 *(.text*)
 .text          0x00000000000180c0       0x60 /home/rahul/opt/gcc-arm-none-eabi-6-2017-q2-update/bin/../lib/gcc/arm-none-eabi/6.3.1/thumb/v6-m/crtbegin.o
 .text          0x0000000000018120       0x78 /home/rahul/opt/gcc-arm-none-eabi-6-2017-q2-update/bin/../lib/gcc/arm-none-eabi/6.3.1/../../../../arm-none-eabi/lib/thumb/v6-m/crt0.o
                0x0000000000018120                _mainCRTStartup
                0x0000000000018120                _start
 .text.exit     0x0000000000018198       0x2c /home/rahul/opt/gcc-arm-none-eabi-6-2017-q2-update/bin/../lib/gcc/arm-none-eabi/6.3.1/../../../../arm-none-eabi/lib/thumb/v6-m/libc_nano.a(lib_a-exit.o)
                0x0000000000018198                exit
 .text.__libc_init_array
                0x00000000000181c4       0x48 /home/rahul/opt/gcc-arm-none-eabi-6-2017-q2-update/bin/../lib/gcc/arm-none-eabi/6.3.1/../../../../arm-none-eabi/lib/thumb/v6-m/libc_nano.a(lib_a-init.o)
                0x00000000000181c4                __libc_init_array
 .text.memset   0x000000000001820c       0x10 /home/rahul/opt/gcc-arm-none-eabi-6-2017-q2-update/bin/../lib/gcc/arm-none-eabi/6.3.1/../../../../arm-none-eabi/lib/thumb/v6-m/libc_nano.a(lib_a-memset.o)
                0x000000000001820c                memset
 .text._exit    0x000000000001821c        0x4 /home/rahul/opt/gcc-arm-none-eabi-6-2017-q2-update/bin/../lib/gcc/arm-none-eabi/6.3.1/../../../../arm-none-eabi/lib/thumb/v6-m/libnosys.a(_exit.o)
                0x000000000001821c                _exit
 .text.SystemInit
                0x0000000000018220       0x94 _build/system_nrf51.o
                0x0000000000018220                SystemInit
 .text.twi_init
                0x00000000000182b4       0x3c _build/main.o
                0x00000000000182b4                twi_init
 .text.mpu_6050_init
                0x00000000000182f0       0x30 _build/main.o
                0x00000000000182f0                mpu_6050_init
 .text.mpu_6050_get_device_id
                0x0000000000018320       0x50 _build/main.o
                0x0000000000018320                mpu_6050_get_device_id
 .text.mpu_6050_read_acc
                0x0000000000018370       0x74 _build/main.o
                0x0000000000018370                mpu_6050_read_acc
 .text.mpu_6050_read_gyro
                0x00000000000183e4       0x74 _build/main.o
                0x00000000000183e4                mpu_6050_read_gyro
 .text.mpu_6050_read_temp
                0x0000000000018458       0x78 _build/main.o
                0x0000000000018458                mpu_6050_read_temp
 .text.startup.main
                0x00000000000184d0       0x38 _build/main.o
                0x00000000000184d0                main
 .text.app_error_handler
                0x0000000000018508       0x18 _build/app_error.o
                0x0000000000018508                app_error_handler
 .text.rx_done  0x0000000000018520      0x124 _build/nrf_drv_twi.o
 .text.on_error
                0x0000000000018644       0x50 _build/nrf_drv_twi.o
 .text.ack_error
                0x0000000000018694       0x18 _build/nrf_drv_twi.o
 .text.rx_prepare
                0x00000000000186ac      0x100 _build/nrf_drv_twi.o
 .text.tx_prepare
                0x00000000000187ac      0x118 _build/nrf_drv_twi.o
 .text.rx_address_req
                0x00000000000188c4      0x150 _build/nrf_drv_twi.o
 .text.address_req
                0x0000000000018a14      0x168 _build/nrf_drv_twi.o
 .text.tx_done  0x0000000000018b7c      0x128 _build/nrf_drv_twi.o
 .text.nrf_drv_twi_init
                0x0000000000018ca4      0x1c8 _build/nrf_drv_twi.o
                0x0000000000018ca4                nrf_drv_twi_init
 .text.nrf_drv_twi_enable
                0x0000000000018e6c       0x5c _build/nrf_drv_twi.o
                0x0000000000018e6c                nrf_drv_twi_enable
 .text.nrf_drv_twi_tx
                0x0000000000018ec8      0x210 _build/nrf_drv_twi.o
                0x0000000000018ec8                nrf_drv_twi_tx
 .text.nrf_drv_twi_rx
                0x00000000000190d8      0x214 _build/nrf_drv_twi.o
                0x00000000000190d8                nrf_drv_twi_rx
 .text.nrf_drv_common_irq_enable
                0x00000000000192ec       0x7c _build/nrf_drv_common.o
                0x00000000000192ec                nrf_drv_common_irq_enable
 .text.critical_region_enter
                0x0000000000019368       0x10 _build/app_util_platform.o
                0x0000000000019368                critical_region_enter
 .text.critical_region_exit
                0x0000000000019378       0x14 _build/app_util_platform.o
                0x0000000000019378                critical_region_exit
 .text          0x000000000001938c       0x54 _build/gcc_startup_nrf51.o
                0x000000000001938c                Reset_Handler
                0x00000000000193d4                NMI_Handler
                0x00000000000193d6                HardFault_Handler
                0x00000000000193d8                SVC_Handler
                0x00000000000193da                PendSV_Handler
                0x00000000000193dc                SysTick_Handler
                0x00000000000193de                TIMER2_IRQHandler
                0x00000000000193de                SPI0_TWI0_IRQHandler
                0x00000000000193de                RTC0_IRQHandler
                0x00000000000193de                GPIOTE_IRQHandler
                0x00000000000193de                POWER_CLOCK_IRQHandler
                0x00000000000193de                RADIO_IRQHandler
                0x00000000000193de                LPCOMP_IRQHandler
                0x00000000000193de                SWI4_IRQHandler
                0x00000000000193de                TEMP_IRQHandler
                0x00000000000193de                QDEC_IRQHandler
                0x00000000000193de                UART0_IRQHandler
                0x00000000000193de                SWI5_IRQHandler
                0x00000000000193de                TIMER0_IRQHandler
                0x00000000000193de                SWI0_IRQHandler
                0x00000000000193de                TIMER1_IRQHandler
                0x00000000000193de                ECB_IRQHandler
                0x00000000000193de                Default_Handler
                0x00000000000193de                ADC_IRQHandler
                0x00000000000193de                SWI3_IRQHandler
                0x00000000000193de                CCM_AAR_IRQHandler
                0x00000000000193de                WDT_IRQHandler
                0x00000000000193de                SWI2_IRQHandler
                0x00000000000193de                RNG_IRQHandler
                0x00000000000193de                SPI1_TWI1_IRQHandler
                0x00000000000193de                RTC1_IRQHandler
                0x00000000000193de                SWI1_IRQHandler
 .text          0x00000000000193e0      0x620 /home/rahul/opt/gcc-arm-none-eabi-6-2017-q2-update/bin/../lib/gcc/arm-none-eabi/6.3.1/thumb/v6-m/libgcc.a(adddf3.o)
                0x00000000000193e0                __aeabi_dadd
 .text          0x0000000000019a00      0x668 /home/rahul/opt/gcc-arm-none-eabi-6-2017-q2-update/bin/../lib/gcc/arm-none-eabi/6.3.1/thumb/v6-m/libgcc.a(divdf3.o)
                0x0000000000019a00                __aeabi_ddiv
 .text          0x000000000001a068       0x84 /home/rahul/opt/gcc-arm-none-eabi-6-2017-q2-update/bin/../lib/gcc/arm-none-eabi/6.3.1/thumb/v6-m/libgcc.a(floatsidf.o)
                0x000000000001a068                __aeabi_i2d
 .text          0x000000000001a0ec      0x114 /home/rahul/opt/gcc-arm-none-eabi-6-2017-q2-update/bin/../lib/gcc/arm-none-eabi/6.3.1/thumb/v6-m/libgcc.a(_udivsi3.o)
                0x000000000001a0ec                __udivsi3
                0x000000000001a0ec                __aeabi_uidiv
                0x000000000001a1f8                __aeabi_uidivmod
 .text          0x000000000001a200        0x4 /home/rahul/opt/gcc-arm-none-eabi-6-2017-q2-update/bin/../lib/gcc/arm-none-eabi/6.3.1/thumb/v6-m/libgcc.a(_dvmd_tls.o)
                0x000000000001a200                __aeabi_ldiv0
                0x000000000001a200                __aeabi_idiv0
 .text          0x000000000001a204       0x3c /home/rahul/opt/gcc-arm-none-eabi-6-2017-q2-update/bin/../lib/gcc/arm-none-eabi/6.3.1/thumb/v6-m/libgcc.a(_clzsi2.o)
                0x000000000001a204                __clzsi2
 *(.init)
 .init          0x000000000001a240        0x4 /home/rahul/opt/gcc-arm-none-eabi-6-2017-q2-update/bin/../lib/gcc/arm-none-eabi/6.3.1/thumb/v6-m/crti.o
                0x000000000001a240                _init
 .init          0x000000000001a244        0x8 /home/rahul/opt/gcc-arm-none-eabi-6-2017-q2-update/bin/../lib/gcc/arm-none-eabi/6.3.1/thumb/v6-m/crtn.o
 *(.fini)
 .fini          0x000000000001a24c        0x4 /home/rahul/opt/gcc-arm-none-eabi-6-2017-q2-update/bin/../lib/gcc/arm-none-eabi/6.3.1/thumb/v6-m/crti.o
                0x000000000001a24c                _fini
 .fini          0x000000000001a250        0x8 /home/rahul/opt/gcc-arm-none-eabi-6-2017-q2-update/bin/../lib/gcc/arm-none-eabi/6.3.1/thumb/v6-m/crtn.o
 *crtbegin.o(.ctors)
 *crtbegin?.o(.ctors)
 *(EXCLUDE_FILE(*crtend.o *crtend?.o) .ctors)
 *(SORT(.ctors.*))
 *(.ctors)
 *crtbegin.o(.dtors)
 *crtbegin?.o(.dtors)
 *(EXCLUDE_FILE(*crtend.o *crtend?.o) .dtors)
 *(SORT(.dtors.*))
 *(.dtors)
 *(.rodata*)
 .rodata._global_impure_ptr
                0x000000000001a258        0x4 /home/rahul/opt/gcc-arm-none-eabi-6-2017-q2-update/bin/../lib/gcc/arm-none-eabi/6.3.1/../../../../arm-none-eabi/lib/thumb/v6-m/libc_nano.a(lib_a-impure.o)
                0x000000000001a258                _global_impure_ptr
 .rodata        0x000000000001a25c       0x10 _build/main.o
 .rodata.m_twi_mpu_6050
                0x000000000001a26c        0x8 _build/main.o
 .rodata.m_default_config
                0x000000000001a274        0x0 _build/nrf_drv_twi.o
 .rodata.m_error
                0x000000000001a274       0x18 _build/nrf_drv_twi.o
 .rodata.m_idle
                0x000000000001a28c       0x10 _build/nrf_drv_twi.o
 .rodata.m_rx_suspended
                0x000000000001a29c       0x20 _build/nrf_drv_twi.o
 .rodata.m_states_len
                0x000000000001a2bc       0x14 _build/nrf_drv_twi.o
 .rodata.m_stopped
                0x000000000001a2d0       0x18 _build/nrf_drv_twi.o
 .rodata.m_tx_suspended
                0x000000000001a2e8       0x28 _build/nrf_drv_twi.o
 .rodata.mp_states
                0x000000000001a310       0x14 _build/nrf_drv_twi.o
 .rodata        0x000000000001a324       0x40 /home/rahul/opt/gcc-arm-none-eabi-6-2017-q2-update/bin/../lib/gcc/arm-none-eabi/6.3.1/thumb/v6-m/libgcc.a(divdf3.o)
 *(.eh_frame*)
 .eh_frame      0x000000000001a364        0x0 /home/rahul/opt/gcc-arm-none-eabi-6-2017-q2-update/bin/../lib/gcc/arm-none-eabi/6.3.1/thumb/v6-m/crtbegin.o
                0x000000000001a364                . = ALIGN (0x4)

.glue_7         0x000000000001a364        0x0
 .glue_7        0x000000000001a364        0x0 linker stubs

.glue_7t        0x000000000001a364        0x0
 .glue_7t       0x000000000001a364        0x0 linker stubs

.vfp11_veneer   0x000000000001a364        0x0
 .vfp11_veneer  0x000000000001a364        0x0 linker stubs

.v4_bx          0x000000000001a364        0x0
 .v4_bx         0x000000000001a364        0x0 linker stubs

.iplt           0x000000000001a364        0x0
 .iplt          0x000000000001a364        0x0 /home/rahul/opt/gcc-arm-none-eabi-6-2017-q2-update/bin/../lib/gcc/arm-none-eabi/6.3.1/thumb/v6-m/crtbegin.o

.ARM.extab      0x000000000001a364        0x0
 *(.ARM.extab* .gnu.linkonce.armextab.*)
                0x000000000001a364                . = ALIGN (0x4)
                0x000000000001a364                __exidx_start = .

.ARM.exidx      0x000000000001a364        0x8
 *(.ARM.exidx* .gnu.linkonce.armexidx.*)
 .ARM.exidx     0x000000000001a364        0x8 /home/rahul/opt/gcc-arm-none-eabi-6-2017-q2-update/bin/../lib/gcc/arm-none-eabi/6.3.1/../../../../arm-none-eabi/lib/thumb/v6-m/crt0.o
 .ARM.exidx     0x000000000001a36c        0x0 _build/gcc_startup_nrf51.o
                                          0x8 (size before relaxing)
                0x000000000001a36c                . = ALIGN (0x4)
                0x000000000001a36c                __exidx_end = .
                0x000000000001a36c                __etext = .

.rel.dyn        0x000000000001a36c        0x0
 .rel.iplt      0x000000000001a36c        0x0 /home/rahul/opt/gcc-arm-none-eabi-6-2017-q2-update/bin/../lib/gcc/arm-none-eabi/6.3.1/thumb/v6-m/crtbegin.o

.data           0x0000000020002000       0x68 load address 0x000000000001a36c
                0x0000000020002000                __data_start__ = .
 *(vtable)
 *(.data*)
 .data.impure_data
                0x0000000020002000       0x60 /home/rahul/opt/gcc-arm-none-eabi-6-2017-q2-update/bin/../lib/gcc/arm-none-eabi/6.3.1/../../../../arm-none-eabi/lib/thumb/v6-m/libc_nano.a(lib_a-impure.o)
                0x0000000020002060                . = ALIGN (0x4)
                0x0000000020002060                PROVIDE (__preinit_array_start, .)
 *(.preinit_array)
                0x0000000020002060                PROVIDE (__preinit_array_end, .)
                0x0000000020002060                . = ALIGN (0x4)
                0x0000000020002060                PROVIDE (__init_array_start, .)
 *(SORT(.init_array.*))
 *(.init_array)
 .init_array    0x0000000020002060        0x4 /home/rahul/opt/gcc-arm-none-eabi-6-2017-q2-update/bin/../lib/gcc/arm-none-eabi/6.3.1/thumb/v6-m/crtbegin.o
                0x0000000020002064                PROVIDE (__init_array_end, .)
                0x0000000020002064                . = ALIGN (0x4)
                [!provide]                        PROVIDE (__fini_array_start, .)
 *(SORT(.fini_array.*))
 *(.fini_array)
 .fini_array    0x0000000020002064        0x4 /home/rahul/opt/gcc-arm-none-eabi-6-2017-q2-update/bin/../lib/gcc/arm-none-eabi/6.3.1/thumb/v6-m/crtbegin.o
                [!provide]                        PROVIDE (__fini_array_end, .)
 *(.jcr)
 .jcr           0x0000000020002068        0x0 /home/rahul/opt/gcc-arm-none-eabi-6-2017-q2-update/bin/../lib/gcc/arm-none-eabi/6.3.1/thumb/v6-m/crtbegin.o
                0x0000000020002068                . = ALIGN (0x4)
                0x0000000020002068                __data_end__ = .

.igot.plt       0x0000000020002068        0x0 load address 0x000000000001a3d4
 .igot.plt      0x0000000020002068        0x0 /home/rahul/opt/gcc-arm-none-eabi-6-2017-q2-update/bin/../lib/gcc/arm-none-eabi/6.3.1/thumb/v6-m/crtbegin.o

.bss            0x0000000020002068       0x20 load address 0x000000000001a3d4
                0x0000000020002068                . = ALIGN (0x4)
                0x0000000020002068                __bss_start__ = .
 *(.bss*)
 .bss           0x0000000020002068       0x1c /home/rahul/opt/gcc-arm-none-eabi-6-2017-q2-update/bin/../lib/gcc/arm-none-eabi/6.3.1/thumb/v6-m/crtbegin.o
 .bss.m_cb      0x0000000020002084        0x0 _build/nrf_drv_twi.o
 .bss.m_handlers
                0x0000000020002084        0x0 _build/nrf_drv_twi.o
 .bss.m_in_critical_region
                0x0000000020002084        0x4 _build/app_util_platform.o
 *(COMMON)
                0x0000000020002088                . = ALIGN (0x4)
                0x0000000020002088                __bss_end__ = .

.heap           0x0000000020002088      0x800
                0x0000000020002088                __end__ = .
                0x0000000020002088                end = __end__
 *(.heap*)
 .heap          0x0000000020002088      0x800 _build/gcc_startup_nrf51.o
                0x0000000020002088                __HeapBase
                0x0000000020002888                __HeapLimit = .

.stack_dummy    0x0000000020002088      0x800
 *(.stack*)
 .stack         0x0000000020002088      0x800 _build/gcc_startup_nrf51.o
                0x0000000020004000                __StackTop = (ORIGIN (RAM) + LENGTH (RAM))
                0x0000000020003800                __StackLimit = (__StackTop - SIZEOF (.stack_dummy))
                0x0000000020004000                PROVIDE (__stack, __StackTop)
                0x0000000000000001                ASSERT ((__StackLimit >= __HeapLimit), region RAM overflowed with stack)
OUTPUT(_build/nrf51422_xxac.out elf32-littlearm)

.ARM.attributes
                0x0000000000000000       0x28
 .ARM.attributes
                0x0000000000000000       0x1e /home/rahul/opt/gcc-arm-none-eabi-6-2017-q2-update/bin/../lib/gcc/arm-none-eabi/6.3.1/thumb/v6-m/crti.o
 .ARM.attributes
                0x000000000000001e       0x2c /home/rahul/opt/gcc-arm-none-eabi-6-2017-q2-update/bin/../lib/gcc/arm-none-eabi/6.3.1/thumb/v6-m/crtbegin.o
 .ARM.attributes
                0x000000000000004a       0x1b /home/rahul/opt/gcc-arm-none-eabi-6-2017-q2-update/bin/../lib/gcc/arm-none-eabi/6.3.1/../../../../arm-none-eabi/lib/thumb/v6-m/crt0.o
 .ARM.attributes
                0x0000000000000065       0x2c /home/rahul/opt/gcc-arm-none-eabi-6-2017-q2-update/bin/../lib/gcc/arm-none-eabi/6.3.1/../../../../arm-none-eabi/lib/thumb/v6-m/libc_nano.a(lib_a-exit.o)
 .ARM.attributes
                0x0000000000000091       0x2c /home/rahul/opt/gcc-arm-none-eabi-6-2017-q2-update/bin/../lib/gcc/arm-none-eabi/6.3.1/../../../../arm-none-eabi/lib/thumb/v6-m/libc_nano.a(lib_a-impure.o)
 .ARM.attributes
                0x00000000000000bd       0x2c /home/rahul/opt/gcc-arm-none-eabi-6-2017-q2-update/bin/../lib/gcc/arm-none-eabi/6.3.1/../../../../arm-none-eabi/lib/thumb/v6-m/libc_nano.a(lib_a-init.o)
 .ARM.attributes
                0x00000000000000e9       0x2c /home/rahul/opt/gcc-arm-none-eabi-6-2017-q2-update/bin/../lib/gcc/arm-none-eabi/6.3.1/../../../../arm-none-eabi/lib/thumb/v6-m/libc_nano.a(lib_a-memset.o)
 .ARM.attributes
                0x0000000000000115       0x2c /home/rahul/opt/gcc-arm-none-eabi-6-2017-q2-update/bin/../lib/gcc/arm-none-eabi/6.3.1/../../../../arm-none-eabi/lib/thumb/v6-m/libnosys.a(_exit.o)
 .ARM.attributes
                0x0000000000000141       0x31 _build/system_nrf51.o
 .ARM.attributes
                0x0000000000000172       0x31 _build/main.o
 .ARM.attributes
                0x00000000000001a3       0x31 _build/app_error.o
 .ARM.attributes
                0x00000000000001d4       0x31 _build/nrf_drv_twi.o
 .ARM.attributes
                0x0000000000000205       0x31 _build/nrf_drv_common.o
 .ARM.attributes
                0x0000000000000236       0x31 _build/app_util_platform.o
 .ARM.attributes
                0x0000000000000267       0x1b _build/gcc_startup_nrf51.o
 .ARM.attributes
                0x0000000000000282       0x2c /home/rahul/opt/gcc-arm-none-eabi-6-2017-q2-update/bin/../lib/gcc/arm-none-eabi/6.3.1/thumb/v6-m/libgcc.a(adddf3.o)
 .ARM.attributes
                0x00000000000002ae       0x2c /home/rahul/opt/gcc-arm-none-eabi-6-2017-q2-update/bin/../lib/gcc/arm-none-eabi/6.3.1/thumb/v6-m/libgcc.a(divdf3.o)
 .ARM.attributes
                0x00000000000002da       0x2c /home/rahul/opt/gcc-arm-none-eabi-6-2017-q2-update/bin/../lib/gcc/arm-none-eabi/6.3.1/thumb/v6-m/libgcc.a(floatsidf.o)
 .ARM.attributes
                0x0000000000000306       0x1e /home/rahul/opt/gcc-arm-none-eabi-6-2017-q2-update/bin/../lib/gcc/arm-none-eabi/6.3.1/thumb/v6-m/libgcc.a(_udivsi3.o)
 .ARM.attributes
                0x0000000000000324       0x1e /home/rahul/opt/gcc-arm-none-eabi-6-2017-q2-update/bin/../lib/gcc/arm-none-eabi/6.3.1/thumb/v6-m/libgcc.a(_dvmd_tls.o)
 .ARM.attributes
                0x0000000000000342       0x1e /home/rahul/opt/gcc-arm-none-eabi-6-2017-q2-update/bin/../lib/gcc/arm-none-eabi/6.3.1/thumb/v6-m/libgcc.a(_clzsi2.o)
 .ARM.attributes
                0x0000000000000360       0x1e /home/rahul/opt/gcc-arm-none-eabi-6-2017-q2-update/bin/../lib/gcc/arm-none-eabi/6.3.1/thumb/v6-m/crtn.o

.comment        0x0000000000000000       0x7f
 .comment       0x0000000000000000       0x7f _build/system_nrf51.o
                                         0x80 (size before relaxing)
 .comment       0x000000000000007f       0x80 _build/main.o
 .comment       0x000000000000007f       0x80 _build/app_error.o
 .comment       0x000000000000007f       0x80 _build/nrf_drv_twi.o
 .comment       0x000000000000007f       0x80 _build/nrf_drv_common.o
 .comment       0x000000000000007f       0x80 _build/app_util_platform.o

.debug_frame    0x0000000000000000      0x534
 .debug_frame   0x0000000000000000       0x28 /home/rahul/opt/gcc-arm-none-eabi-6-2017-q2-update/bin/../lib/gcc/arm-none-eabi/6.3.1/../../../../arm-none-eabi/lib/thumb/v6-m/libc_nano.a(lib_a-exit.o)
 .debug_frame   0x0000000000000028       0x2c /home/rahul/opt/gcc-arm-none-eabi-6-2017-q2-update/bin/../lib/gcc/arm-none-eabi/6.3.1/../../../../arm-none-eabi/lib/thumb/v6-m/libc_nano.a(lib_a-init.o)
 .debug_frame   0x0000000000000054       0x20 /home/rahul/opt/gcc-arm-none-eabi-6-2017-q2-update/bin/../lib/gcc/arm-none-eabi/6.3.1/../../../../arm-none-eabi/lib/thumb/v6-m/libc_nano.a(lib_a-memset.o)
 .debug_frame   0x0000000000000074       0x20 /home/rahul/opt/gcc-arm-none-eabi-6-2017-q2-update/bin/../lib/gcc/arm-none-eabi/6.3.1/../../../../arm-none-eabi/lib/thumb/v6-m/libnosys.a(_exit.o)
 .debug_frame   0x0000000000000094       0x30 _build/system_nrf51.o
 .debug_frame   0x00000000000000c4      0x130 _build/main.o
 .debug_frame   0x00000000000001f4       0x20 _build/app_error.o
 .debug_frame   0x0000000000000214      0x1fc _build/nrf_drv_twi.o
 .debug_frame   0x0000000000000410       0x30 _build/nrf_drv_common.o
 .debug_frame   0x0000000000000440       0x30 _build/app_util_platform.o
 .debug_frame   0x0000000000000470       0x3c /home/rahul/opt/gcc-arm-none-eabi-6-2017-q2-update/bin/../lib/gcc/arm-none-eabi/6.3.1/thumb/v6-m/libgcc.a(adddf3.o)
 .debug_frame   0x00000000000004ac       0x3c /home/rahul/opt/gcc-arm-none-eabi-6-2017-q2-update/bin/../lib/gcc/arm-none-eabi/6.3.1/thumb/v6-m/libgcc.a(divdf3.o)
 .debug_frame   0x00000000000004e8       0x2c /home/rahul/opt/gcc-arm-none-eabi-6-2017-q2-update/bin/../lib/gcc/arm-none-eabi/6.3.1/thumb/v6-m/libgcc.a(floatsidf.o)
 .debug_frame   0x0000000000000514       0x20 /home/rahul/opt/gcc-arm-none-eabi-6-2017-q2-update/bin/../lib/gcc/arm-none-eabi/6.3.1/thumb/v6-m/libgcc.a(_udivsi3.o)

.debug_info     0x0000000000000000     0x422b
 .debug_info    0x0000000000000000      0x1ca _build/system_nrf51.o
 .debug_info    0x00000000000001ca      0xf7a _build/main.o
 .debug_info    0x0000000000001144      0x1e0 _build/app_error.o
 .debug_info    0x0000000000001324     0x2a14 _build/nrf_drv_twi.o
 .debug_info    0x0000000000003d38      0x3f2 _build/nrf_drv_common.o
 .debug_info    0x000000000000412a      0x101 _build/app_util_platform.o

.debug_abbrev   0x0000000000000000      0xa57
 .debug_abbrev  0x0000000000000000      0x109 _build/system_nrf51.o
 .debug_abbrev  0x0000000000000109      0x2b6 _build/main.o
 .debug_abbrev  0x00000000000003bf      0x10f _build/app_error.o
 .debug_abbrev  0x00000000000004ce      0x375 _build/nrf_drv_twi.o
 .debug_abbrev  0x0000000000000843      0x184 _build/nrf_drv_common.o
 .debug_abbrev  0x00000000000009c7       0x90 _build/app_util_platform.o

.debug_aranges  0x0000000000000000      0x180
 .debug_aranges
                0x0000000000000000       0x28 _build/system_nrf51.o
 .debug_aranges
                0x0000000000000028       0x60 _build/main.o
 .debug_aranges
                0x0000000000000088       0x20 _build/app_error.o
 .debug_aranges
                0x00000000000000a8       0x90 _build/nrf_drv_twi.o
 .debug_aranges
                0x0000000000000138       0x20 _build/nrf_drv_common.o
 .debug_aranges
                0x0000000000000158       0x28 _build/app_util_platform.o

.debug_ranges   0x0000000000000000      0xa38
 .debug_ranges  0x0000000000000000       0x50 _build/system_nrf51.o
 .debug_ranges  0x0000000000000050      0x170 _build/main.o
 .debug_ranges  0x00000000000001c0       0x10 _build/app_error.o
 .debug_ranges  0x00000000000001d0      0x828 _build/nrf_drv_twi.o
 .debug_ranges  0x00000000000009f8       0x28 _build/nrf_drv_common.o
 .debug_ranges  0x0000000000000a20       0x18 _build/app_util_platform.o

.debug_macro    0x0000000000000000     0x9b7f
 .debug_macro   0x0000000000000000       0xd6 _build/system_nrf51.o
 .debug_macro   0x00000000000000d6      0x8a4 _build/system_nrf51.o
 .debug_macro   0x000000000000097a       0x22 _build/system_nrf51.o
 .debug_macro   0x000000000000099c       0x87 _build/system_nrf51.o
 .debug_macro   0x0000000000000a23       0x51 _build/system_nrf51.o
 .debug_macro   0x0000000000000a74       0xef _build/system_nrf51.o
 .debug_macro   0x0000000000000b63       0x6a _build/system_nrf51.o
 .debug_macro   0x0000000000000bcd      0x1df _build/system_nrf51.o
 .debug_macro   0x0000000000000dac       0x22 _build/system_nrf51.o
 .debug_macro   0x0000000000000dce       0x22 _build/system_nrf51.o
 .debug_macro   0x0000000000000df0       0x3a _build/system_nrf51.o
 .debug_macro   0x0000000000000e2a       0x1f _build/system_nrf51.o
 .debug_macro   0x0000000000000e49      0x242 _build/system_nrf51.o
 .debug_macro   0x000000000000108b      0x1d2 _build/system_nrf51.o
 .debug_macro   0x000000000000125d     0x745a _build/system_nrf51.o
 .debug_macro   0x00000000000086b7      0x976 _build/system_nrf51.o
 .debug_macro   0x000000000000902d       0x1c _build/system_nrf51.o
 .debug_macro   0x0000000000009049      0x18a _build/main.o
 .debug_macro   0x00000000000091d3      0x118 _build/main.o
 .debug_macro   0x00000000000092eb      0x103 _build/main.o
 .debug_macro   0x00000000000093ee      0x16d _build/main.o
 .debug_macro   0x000000000000955b       0x8e _build/main.o
 .debug_macro   0x00000000000095e9       0x70 _build/main.o
 .debug_macro   0x0000000000009659       0x22 _build/main.o
 .debug_macro   0x000000000000967b       0x1c _build/main.o
 .debug_macro   0x0000000000009697       0x22 _build/main.o
 .debug_macro   0x00000000000096b9       0xf2 _build/app_error.o
 .debug_macro   0x00000000000097ab       0x16 _build/app_error.o
 .debug_macro   0x00000000000097c1      0x18e _build/nrf_drv_twi.o
 .debug_macro   0x000000000000994f       0x28 _build/nrf_drv_twi.o
 .debug_macro   0x0000000000009977       0x10 _build/nrf_drv_twi.o
 .debug_macro   0x0000000000009987       0xfa _build/nrf_drv_common.o
 .debug_macro   0x0000000000009a81       0xd6 _build/app_util_platform.o
 .debug_macro   0x0000000000009b57       0x28 _build/app_util_platform.o

.debug_line     0x0000000000000000     0x22ac
 .debug_line    0x0000000000000000      0x33b _build/system_nrf51.o
 .debug_line    0x000000000000033b      0x6cc _build/main.o
 .debug_line    0x0000000000000a07      0x3ba _build/app_error.o
 .debug_line    0x0000000000000dc1      0xd63 _build/nrf_drv_twi.o
 .debug_line    0x0000000000001b24      0x40d _build/nrf_drv_common.o
 .debug_line    0x0000000000001f31      0x37b _build/app_util_platform.o

.debug_str      0x0000000000000000    0x318ba
 .debug_str     0x0000000000000000    0x2eef8 _build/system_nrf51.o
                                      0x2f074 (size before relaxing)
 .debug_str     0x000000000002eef8     0x1c12 _build/main.o
                                      0x30d23 (size before relaxing)
 .debug_str     0x0000000000030b0a       0x93 _build/app_error.o
                                      0x2f93f (size before relaxing)
 .debug_str     0x0000000000030b9d      0xc2f _build/nrf_drv_twi.o
                                      0x31520 (size before relaxing)
 .debug_str     0x00000000000317cc       0x7a _build/nrf_drv_common.o
                                      0x2f633 (size before relaxing)
 .debug_str     0x0000000000031846       0x74 _build/app_util_platform.o
                                      0x2f079 (size before relaxing)

.debug_loc      0x0000000000000000     0x2d42
 .debug_loc     0x0000000000000000      0x5de _build/main.o
 .debug_loc     0x00000000000005de       0x21 _build/app_error.o
 .debug_loc     0x00000000000005ff     0x26a1 _build/nrf_drv_twi.o
 .debug_loc     0x0000000000002ca0       0xa2 _build/nrf_drv_common.o
